Dem128064B.c:19:6:setUp	8	static
Dem128064B.c:39:6:toggle_Enable_Lcd	8	static
Dem128064B.c:49:5:getDelay	8	static
Dem128064B.c:59:6:set_Reset_Bit	4	static
Dem128064B.c:67:6:set_Enable	4	static
Dem128064B.c:74:6:reset_Enable	4	static
Dem128064B.c:82:6:turn_On_Screen	4	static
Dem128064B.c:89:6:set_Control_Buss_To_Write	4	static
Dem128064B.c:97:6:display_ON_OFF_Reg	4	static
Dem128064B.c:105:6:set_Left_Side_Screen	4	static
Dem128064B.c:113:6:set_Right_Side_Screen	4	static
Dem128064B.c:122:6:set_Both_Side_Screen	4	static
Dem128064B.c:130:6:clear_Screen	16	static
Dem128064B.c:143:6:init_DisplayArray	16	static
Dem128064B.c:156:6:set_Ball_To_Position	112	static
Dem128064B.c:177:6:refreshScreen	32	static
Dem128064B.c:203:6:draw_Vert_Line	24	static
Dem128064B.c:220:5:ballIsOnLine	24	static
Dem128064B.c:235:5:ballIsOnLowerLine	16	static
Dem128064B.c:246:6:draw_Horiz_Line	24	static
Dem128064B.c:255:6:writeToDisplayArr	16	static
Dem128064B.c:262:6:clearDisplayArr	16	static
Dem128064B.c:270:6:write_On_Screen	16	static
Dem128064B.c:298:6:set_Page	16	static
Dem128064B.c:305:6:set_ColAddress	16	static
Dem128064B.c:312:6:send_Data	16	static
Dem128064B.c:320:6:writeNumber	16	static
Dem128064B.c:347:6:writeZero	16	static
Dem128064B.c:357:6:writeOne	16	static
Dem128064B.c:364:6:writeTwo	16	static
Dem128064B.c:373:6:WriteThree	16	static
Dem128064B.c:381:6:writeFour	16	static
Dem128064B.c:390:6:writeFive	16	static
Dem128064B.c:399:6:writeSix	16	static
Dem128064B.c:407:6:writeSeven	16	static
Dem128064B.c:415:6:wirteEight	16	static
Dem128064B.c:423:6:writeNine	16	static
Dem128064B.c:431:6:writeWelcomeToArray	2448	static
Dem128064B.c:558:6:writeGameOver	1680	static
